Hierarchical dependencies list of: src/csv_module.F90
  src/csv_utilities.f90
    src/csv_kinds.f90
    src/csv_parameters.f90
  src/csv_kinds.f90
  src/csv_parameters.f90
    src/csv_kinds.f90
Complete ordered dependencies list of: src/csv_module.F90
  src/csv_kinds.f90
  src/csv_parameters.f90
  src/csv_utilities.f90
  src/csv_module.F90
Builder options
  Directories
    Building directory: "static"
    Compiled-objects .o   directory: "static/obj"
    Compiled-objects .mod directory: "static/mod"
  Compiler options
    Vendor: "gnu"
    Compiler command: "gfortran"
    Module directory switch: "-J"
    Compiling flags: "-c -O2 -ffree-line-length-none -static-libgcc -static-libgfortran"
    Linking flags: ""
    Preprocessing flags: ""
    Coverage: False
    Profile: False
  Preprocessor used: None
  Preprocessor output directory: None
  Preprocessor extensions processed: []
