Hierarchical dependencies list of: src/json_module.F90
  src/json_kinds.F90
  src/json_string_utilities.F90
    src/json_kinds.F90
    src/json_parameters.F90
  src/json_parameters.F90
    src/json_kinds.F90
  src/json_value_module.F90
    src/json_kinds.F90
    src/json_parameters.F90
    src/json_string_utilities.F90
    src/json_macros.inc
    src/json_initialize_dummy_arguments.inc
    src/json_initialize_arguments.inc
  src/json_file_module.F90
    src/json_kinds.F90
    src/json_parameters.F90
    src/json_string_utilities.F90
    src/json_value_module.F90
    src/json_macros.inc
    src/json_initialize_dummy_arguments.inc
    src/json_initialize_arguments.inc
Complete ordered dependencies list of: src/json_module.F90
  src/json_kinds.F90
  src/json_parameters.F90
  src/json_string_utilities.F90
  src/json_macros.inc
  src/json_initialize_dummy_arguments.inc
  src/json_initialize_arguments.inc
  src/json_value_module.F90
  src/json_file_module.F90
  src/json_module.F90
Builder options
  Directories
    Building directory: "static"
    Compiled-objects .o   directory: "static/obj"
    Compiled-objects .mod directory: "static/mod"
  Included paths: src 
  Compiler options
    Vendor: "gnu"
    Compiler command: "gfortran"
    Module directory switch: "-J"
    Compiling flags: "-c -O2 -ffree-line-length-none -static-libgcc -static-libgfortran"
    Linking flags: ""
    Preprocessing flags: ""
    Coverage: False
    Profile: False
  Preprocessor used: None
  Preprocessor output directory: None
  Preprocessor extensions processed: []
